// Jest Snapshot v1, https://goo.gl/fbAQLP

exports[`forgot-password should be rendered correctly 1`] = `
<DocumentFragment>
  <div
    class="MuiContainer-root MuiContainer-maxWidthXs"
  >
    <div
      class="MuiPaper-root makeStyles-paper-3 MuiPaper-elevation1 MuiPaper-rounded"
    >
      <div
        class="MuiBox-root MuiBox-root-6 makeStyles-box-4"
      >
        <div
          class="MuiAvatar-root MuiAvatar-circle makeStyles-avatar-5 MuiAvatar-colorDefault"
        >
          <svg
            aria-hidden="true"
            class="MuiSvgIcon-root"
            focusable="false"
            viewBox="0 0 24 24"
          >
            <path
              d="M18 8h-1V6c0-2.76-2.24-5-5-5S7 3.24 7 6v2H6c-1.1 0-2 .9-2 2v10c0 1.1.9 2 2 2h12c1.1 0 2-.9 2-2V10c0-1.1-.9-2-2-2zM9 6c0-1.66 1.34-3 3-3s3 1.34 3 3v2H9V6zm9 14H6V10h12v10zm-6-3c1.1 0 2-.9 2-2s-.9-2-2-2-2 .9-2 2 .9 2 2 2z"
            />
          </svg>
        </div>
        <h1
          class="MuiTypography-root MuiTypography-h6"
        >
          Reset your password
        </h1>
      </div>
      <form
        action="#"
        class="makeStyles-form-1"
      >
        <div
          class="MuiBox-root MuiBox-root-8 makeStyles-box-7"
        >
          <div
            class="MuiFormControl-root MuiTextField-root MuiFormControl-marginNormal MuiFormControl-fullWidth"
          >
            <label
              class="MuiFormLabel-root MuiInputLabel-root MuiInputLabel-formControl MuiInputLabel-animated MuiInputLabel-shrink MuiInputLabel-outlined Mui-focused Mui-focused Mui-required Mui-required"
              data-shrink="true"
              for="username"
              id="username-label"
            >
              Username
              <span
                aria-hidden="true"
                class="MuiFormLabel-asterisk MuiInputLabel-asterisk"
              >
                 *
              </span>
            </label>
            <div
              class="MuiInputBase-root MuiOutlinedInput-root MuiInputBase-fullWidth Mui-focused Mui-focused MuiInputBase-formControl"
            >
              <input
                aria-invalid="false"
                class="MuiInputBase-input MuiOutlinedInput-input"
                id="username"
                name="username"
                required=""
                type="text"
                value=""
              />
              <fieldset
                aria-hidden="true"
                class="PrivateNotchedOutline-root-9 MuiOutlinedInput-notchedOutline"
              >
                <legend
                  class="PrivateNotchedOutline-legendLabelled-11 PrivateNotchedOutline-legendNotched-12"
                >
                  <span>
                    Username *
                  </span>
                </legend>
              </fieldset>
            </div>
          </div>
        </div>
        <div
          class="MuiBox-root MuiBox-root-14 makeStyles-box-13"
        >
          <button
            class="MuiButtonBase-root MuiButton-root MuiButton-contained makeStyles-submit-2 MuiButton-containedPrimary MuiButton-fullWidth"
            tabindex="0"
            type="submit"
          >
            <span
              class="MuiButton-label"
            >
              Send Code
            </span>
            <span
              class="MuiTouchRipple-root"
            />
          </button>
          <div
            class="MuiGrid-root MuiGrid-container"
          >
            <div
              class="MuiGrid-root MuiGrid-item"
            >
              <a
                class="MuiTypography-root MuiLink-root MuiLink-underlineHover MuiTypography-body2 MuiTypography-colorPrimary"
                href="#"
              >
                Back to Sign In
              </a>
            </div>
          </div>
        </div>
      </form>
    </div>
  </div>
</DocumentFragment>
`;
