// Jest Snapshot v1, https://goo.gl/fbAQLP

exports[`section-footer should be rendered correctly 1`] = `
<DocumentFragment>
  <div
    class="SectionFooter-box MuiBox-root css-g4b0on"
  >
    <div />
  </div>
</DocumentFragment>
`;
