// Jest Snapshot v1, https://goo.gl/fbAQLP

exports[`section-body should be rendered correctly 1`] = `
<DocumentFragment>
  <div
    class="MuiBox-root MuiBox-root-2 makeStyles-box-1"
  >
    <div />
  </div>
</DocumentFragment>
`;
